The hyperbolic arccotangent of 4 is: 0.255412812

The number PI is: 3.141592654

The angle 95degr is in radians: 1.658035000

GDC : 15

addition of two complex numbers: z1 = 4 + i6 , z2 = 3 - i4
        addition z1 + z2 :  z = 7 + i2

substraction of two complex numbers: z1 = 10 + i6 , z2 = 3 - i4
        substraction z1 - z2 : z = 7 + 10

 The complex number is z = 3 + i2.
 The 'normal form' is :
         absolut value: R = 3.605551275
         the argument of z : theta = 0.588002604

other functions:
Question :
 Is the number 35 odd or even ?
 35 is odd !!!
 35 is not even !!!
