port 8080 len 12 ua [probe/1.0] m [GET]
max 32767 auto 1
qs [name=John+Smith&Age=42&x=%41%42%7e&y=a++b&z=%0Aq&w=%4&e=&noeq&name=Jane&p=%2B%20%zz&t=a=b=c&=lone&&last=%41] accept [text/html] cookie []
script [/cgi-bin/t.exe] proto [HTTP/1.1] remote [10.0.0.1]
name 1 [Jane]
NAME 1 [Jane]
Age 1 [42]
x 1 [AB~]
y 1 [a+ b]
z 1 [%0Aq]
w 1 [%4]
e 1 []
noeq 1 []
p 1 [+ %zz]
t 1 [abc]
 1 []
last 1 [A]
missing 0 [unset]
